2025-12-28 13:27:22 [main] INFO  c.e.biasmeter.BiasMeterAlApplication - Starting BiasMeterAlApplication using Java 21.0.8 with PID 22428 (D:\BiasMeterAI\target\classes started by sahoo in D:\BiasMeterAI)
2025-12-28 13:27:22 [main] DEBUG c.e.biasmeter.BiasMeterAlApplication - Running with Spring Boot v3.2.0, Spring v6.1.1
2025-12-28 13:27:22 [main] INFO  c.e.biasmeter.BiasMeterAlApplication - No active profile set, falling back to 1 default profile: "default"
2025-12-28 13:27:22 [main] INFO  o.s.b.w.e.tomcat.TomcatWebServer - Tomcat initialized with port 8082 (http)
2025-12-28 13:27:22 [main] INFO  o.a.catalina.core.StandardService - Starting service [Tomcat]
2025-12-28 13:27:22 [main] INFO  o.a.catalina.core.StandardEngine - Starting Servlet engine: [Apache Tomcat/10.1.16]
2025-12-28 13:27:22 [main] INFO  o.a.c.c.C.[Tomcat].[localhost].[/] - Initializing Spring embedded WebApplicationContext
2025-12-28 13:27:22 [main] INFO  o.s.b.w.s.c.ServletWebServerApplicationContext - Root WebApplicationContext: initialization completed in 682 ms
2025-12-28 13:27:23 [main] INFO  o.s.b.a.w.s.WelcomePageHandlerMapping - Adding welcome page: class path resource [static/index.html]
2025-12-28 13:27:23 [main] INFO  o.s.b.w.e.tomcat.TomcatWebServer - Tomcat started on port 8082 (http) with context path ''
2025-12-28 13:27:23 [main] INFO  c.e.biasmeter.BiasMeterAlApplication - Started BiasMeterAlApplication in 1.388 seconds (process running for 2.006)
2025-12-28 13:27:32 [http-nio-8082-exec-1] INFO  o.a.c.c.C.[Tomcat].[localhost].[/] - Initializing Spring DispatcherServlet 'dispatcherServlet'
2025-12-28 13:27:32 [http-nio-8082-exec-1] INFO  o.s.web.servlet.DispatcherServlet - Initializing Servlet 'dispatcherServlet'
2025-12-28 13:27:32 [http-nio-8082-exec-1] INFO  o.s.web.servlet.DispatcherServlet - Completed initialization in 8 ms
2025-12-28 13:55:35 [main] INFO  c.e.biasmeter.BiasMeterAlApplication - Starting BiasMeterAlApplication using Java 21.0.8 with PID 22264 (D:\BiasMeterAI\target\classes started by sahoo in D:\BiasMeterAI)
2025-12-28 13:55:35 [main] DEBUG c.e.biasmeter.BiasMeterAlApplication - Running with Spring Boot v3.2.0, Spring v6.1.1
2025-12-28 13:55:35 [main] INFO  c.e.biasmeter.BiasMeterAlApplication - No active profile set, falling back to 1 default profile: "default"
2025-12-28 13:55:36 [main] INFO  o.s.b.w.e.tomcat.TomcatWebServer - Tomcat initialized with port 8082 (http)
2025-12-28 13:55:37 [main] INFO  o.a.catalina.core.StandardService - Starting service [Tomcat]
2025-12-28 13:55:37 [main] INFO  o.a.catalina.core.StandardEngine - Starting Servlet engine: [Apache Tomcat/10.1.16]
2025-12-28 13:55:37 [main] INFO  o.a.c.c.C.[Tomcat].[localhost].[/] - Initializing Spring embedded WebApplicationContext
2025-12-28 13:55:37 [main] INFO  o.s.b.w.s.c.ServletWebServerApplicationContext - Root WebApplicationContext: initialization completed in 1243 ms
2025-12-28 13:55:37 [main] INFO  o.s.b.a.w.s.WelcomePageHandlerMapping - Adding welcome page: class path resource [static/index.html]
2025-12-28 13:55:37 [main] INFO  o.s.b.w.e.tomcat.TomcatWebServer - Tomcat started on port 8082 (http) with context path ''
2025-12-28 13:55:37 [main] INFO  c.e.biasmeter.BiasMeterAlApplication - Started BiasMeterAlApplication in 2.376 seconds (process running for 3.616)
2025-12-28 13:59:35 [http-nio-8082-exec-1] INFO  o.a.c.c.C.[Tomcat].[localhost].[/] - Initializing Spring DispatcherServlet 'dispatcherServlet'
2025-12-28 13:59:35 [http-nio-8082-exec-1] INFO  o.s.web.servlet.DispatcherServlet - Initializing Servlet 'dispatcherServlet'
2025-12-28 13:59:35 [http-nio-8082-exec-1] INFO  o.s.web.servlet.DispatcherServlet - Completed initialization in 2 ms
2025-12-28 14:15:07 [RMI TCP Connection(23)-127.0.0.1] INFO  o.s.b.a.SpringApplicationAdminMXBeanRegistrar$SpringApplicationAdmin - Application shutdown requested.
2025-12-28 21:18:21 [main] INFO  c.e.biasmeter.BiasMeterAlApplication - Starting BiasMeterAlApplication using Java 21.0.8 with PID 21596 (D:\BiasMeterAI\target\classes started by sahoo in D:\BiasMeterAI)
2025-12-28 21:18:21 [main] DEBUG c.e.biasmeter.BiasMeterAlApplication - Running with Spring Boot v3.2.0, Spring v6.1.1
2025-12-28 21:18:21 [main] INFO  c.e.biasmeter.BiasMeterAlApplication - No active profile set, falling back to 1 default profile: "default"
2025-12-28 21:18:21 [main] INFO  o.s.b.w.e.tomcat.TomcatWebServer - Tomcat initialized with port 8082 (http)
2025-12-28 21:18:21 [main] INFO  o.a.catalina.core.StandardService - Starting service [Tomcat]
2025-12-28 21:18:21 [main] INFO  o.a.catalina.core.StandardEngine - Starting Servlet engine: [Apache Tomcat/10.1.16]
2025-12-28 21:18:21 [main] INFO  o.a.c.c.C.[Tomcat].[localhost].[/] - Initializing Spring embedded WebApplicationContext
2025-12-28 21:18:21 [main] INFO  o.s.b.w.s.c.ServletWebServerApplicationContext - Root WebApplicationContext: initialization completed in 772 ms
2025-12-28 21:18:22 [main] INFO  o.s.b.a.w.s.WelcomePageHandlerMapping - Adding welcome page: class path resource [static/index.html]
2025-12-28 21:18:22 [main] INFO  o.s.b.w.e.tomcat.TomcatWebServer - Tomcat started on port 8082 (http) with context path ''
2025-12-28 21:18:22 [main] INFO  c.e.biasmeter.BiasMeterAlApplication - Started BiasMeterAlApplication in 1.496 seconds (process running for 2.019)
2025-12-28 21:18:38 [http-nio-8082-exec-1] INFO  o.a.c.c.C.[Tomcat].[localhost].[/] - Initializing Spring DispatcherServlet 'dispatcherServlet'
2025-12-28 21:18:38 [http-nio-8082-exec-1] INFO  o.s.web.servlet.DispatcherServlet - Initializing Servlet 'dispatcherServlet'
2025-12-28 21:18:38 [http-nio-8082-exec-1] INFO  o.s.web.servlet.DispatcherServlet - Completed initialization in 0 ms
